<?xml version="1.0" encoding="utf-8"?><testsuites name="pytest tests"><testsuite name="pytest" errors="0" failures="0" skipped="0" tests="11" time="0.159" timestamp="2026-05-30T17:14:58.229454+09:00" hostname="sam1h"><testcase classname="tests.unit.test_homogenization.TestHalpinTsai" name="test_E_L_greater_than_E_T" time="0.004" /><testcase classname="tests.unit.test_homogenization.TestHalpinTsai" name="test_all_positve" time="0.001" /><testcase classname="tests.unit.test_homogenization.TestHalpinTsai" name="test_volume_fraction_zero" time="0.001" /><testcase classname="tests.unit.test_homogenization.TestOrientationTrace" name="test_trace_conservation" time="0.019" /><testcase classname="tests.unit.test_homogenization.TestStiffnessProxy" name="test_higher_pressure_increases_stiffness" time="0.005" /><testcase classname="tests.unit.test_homogenization.TestStiffnessProxy" name="test_output_range_physical" time="0.001" /><testcase classname="tests.unit.test_homogenization.TestLHS" name="test_bounds" time="0.001" /><testcase classname="tests.unit.test_homogenization.TestLHS" name="test_scaling" time="0.001" /><testcase classname="tests.unit.test_homogenization.TestBVH" name="test_build_single" time="0.004" /><testcase classname="tests.unit.test_homogenization.TestBVH" name="test_aabb_intersect" time="0.001" /><testcase classname="tests.unit.test_homogenization.TestClearanceDetection" name="test_gap_computation" time="0.005" /></testsuite></testsuites>